=========== CS422: Project ====================
===============================================
CACHE FIFO Stats
===============================================
L3 CACHE hits: 201
L3 CACHE misses: 4937
